// Jest Snapshot v1, https://goo.gl/fbAQLP

exports[`matches snapshot 1`] = `
<div>
  <tr
    aria-label="view details for Canada"
    data-testid="row-CAN"
    style="cursor: pointer;"
    tabindex="0"
  >
    <td
      data-label="Common Name"
      title="Canada"
    >
      Canada
    </td>
    <td
      data-label="Official Name"
      title="Canadadada"
    >
      Canadadada
    </td>
  </tr>
</div>
`;
